// Jest Snapshot v1, https://goo.gl/fbAQLP

exports[`CategoryHeader component renders correctly 1`] = `
<Component
  onViewAll={[MockFunction]}
  title="dummy title"
/>
`;
