// Jest Snapshot v1, https://goo.gl/fbAQLP

exports[`ListRefreshControl component renders correctly 1`] = `
<RefreshControlMock
  colors={
    Array [
      "#318cbf",
    ]
  }
/>
`;
