// Jest Snapshot v1, https://goo.gl/fbAQLP

exports[`Card component renders correctly 1`] = `
<TouchableOpacity
  activeOpacity={0.2}
  style={
    Object {
      "backgroundColor": "#ffffff",
      "borderRadius": 5,
      "elevation": 3,
      "flexDirection": "row",
      "marginBottom": 10,
      "marginHorizontal": 1,
      "marginTop": 1,
      "paddingHorizontal": 30,
      "paddingVertical": 15,
      "shadowColor": "#000000",
      "shadowOffset": Object {
        "height": 1,
        "width": 0,
      },
      "shadowOpacity": 0.22,
      "shadowRadius": 2.22,
    }
  }
>
  <View />
</TouchableOpacity>
`;
